Running tests...
The test succeed if there are no diffs printed.

Differences found for test tests/test0:
3c3
< getProgDepth()==217
---
> getProgDepth()==211
The test tests/test0 didnt pass!
Differences found for test tests/test101:
3c3
< getProgDepth()==223
---
> getProgDepth()==222
The test tests/test101 didnt pass!
Differences found for test tests/test107:
3c3
< getProgDepth()==255
---
> getProgDepth()==240
The test tests/test107 didnt pass!
Differences found for test tests/test108:
3c3
< getProgDepth()==276
---
> getProgDepth()==262
The test tests/test108 didnt pass!
Differences found for test tests/test111:
3c3
< getProgDepth()==251
---
> getProgDepth()==250
The test tests/test111 didnt pass!
Differences found for test tests/test114:
3c3
< getProgDepth()==237
---
> getProgDepth()==233
The test tests/test114 didnt pass!
Differences found for test tests/test115:
3c3
< getProgDepth()==237
---
> getProgDepth()==231
The test tests/test115 didnt pass!
Differences found for test tests/test116:
3c3
< getProgDepth()==254
---
> getProgDepth()==249
The test tests/test116 didnt pass!
Differences found for test tests/test128:
3c3
< getProgDepth()==304
---
> getProgDepth()==300
The test tests/test128 didnt pass!
Differences found for test tests/test130:
3c3
< getProgDepth()==231
---
> getProgDepth()==217
The test tests/test130 didnt pass!
Differences found for test tests/test132:
3c3
< getProgDepth()==215
---
> getProgDepth()==212
The test tests/test132 didnt pass!
Differences found for test tests/test135:
3c3
< getProgDepth()==244
---
> getProgDepth()==239
The test tests/test135 didnt pass!
Differences found for test tests/test136:
3c3
< getProgDepth()==196
---
> getProgDepth()==190
The test tests/test136 didnt pass!
Differences found for test tests/test142:
3c3
< getProgDepth()==198
---
> getProgDepth()==188
The test tests/test142 didnt pass!
Differences found for test tests/test145:
3c3
< getProgDepth()==211
---
> getProgDepth()==209
The test tests/test145 didnt pass!
Differences found for test tests/test150:
3c3
< getProgDepth()==242
---
> getProgDepth()==232
The test tests/test150 didnt pass!
Differences found for test tests/test151:
3c3
< getProgDepth()==244
---
> getProgDepth()==241
The test tests/test151 didnt pass!
Differences found for test tests/test152:
3c3
< getProgDepth()==193
---
> getProgDepth()==188
The test tests/test152 didnt pass!
Differences found for test tests/test158:
3c3
< getProgDepth()==256
---
> getProgDepth()==250
The test tests/test158 didnt pass!
Differences found for test tests/test15:
3c3
< getProgDepth()==214
---
> getProgDepth()==201
The test tests/test15 didnt pass!
Differences found for test tests/test161:
3c3
< getProgDepth()==227
---
> getProgDepth()==219
The test tests/test161 didnt pass!
Differences found for test tests/test164:
3c3
< getProgDepth()==252
---
> getProgDepth()==247
The test tests/test164 didnt pass!
Differences found for test tests/test170:
3c3
< getProgDepth()==251
---
> getProgDepth()==247
The test tests/test170 didnt pass!
Differences found for test tests/test171:
3c3
< getProgDepth()==278
---
> getProgDepth()==276
The test tests/test171 didnt pass!
Differences found for test tests/test173:
3c3
< getProgDepth()==224
---
> getProgDepth()==220
The test tests/test173 didnt pass!
Differences found for test tests/test174:
3c3
< getProgDepth()==300
---
> getProgDepth()==288
The test tests/test174 didnt pass!
Differences found for test tests/test177:
3c3
< getProgDepth()==295
---
> getProgDepth()==294
The test tests/test177 didnt pass!
Differences found for test tests/test187:
3c3
< getProgDepth()==269
---
> getProgDepth()==266
The test tests/test187 didnt pass!
Differences found for test tests/test18:
3c3
< getProgDepth()==186
---
> getProgDepth()==182
The test tests/test18 didnt pass!
Differences found for test tests/test192:
3c3
< getProgDepth()==239
---
> getProgDepth()==233
The test tests/test192 didnt pass!
Differences found for test tests/test193:
3c3
< getProgDepth()==186
---
> getProgDepth()==166
The test tests/test193 didnt pass!
Differences found for test tests/test194:
3c3
< getProgDepth()==259
---
> getProgDepth()==248
The test tests/test194 didnt pass!
Differences found for test tests/test195:
3c3
< getProgDepth()==259
---
> getProgDepth()==245
The test tests/test195 didnt pass!
Differences found for test tests/test199:
3c3
< getProgDepth()==217
---
> getProgDepth()==216
The test tests/test199 didnt pass!
Differences found for test tests/test19:
3c3
< getProgDepth()==217
---
> getProgDepth()==210
The test tests/test19 didnt pass!
Differences found for test tests/test202:
3c3
< getProgDepth()==250
---
> getProgDepth()==238
The test tests/test202 didnt pass!
Differences found for test tests/test203:
3c3
< getProgDepth()==209
---
> getProgDepth()==207
The test tests/test203 didnt pass!
Differences found for test tests/test208:
3c3
< getProgDepth()==236
---
> getProgDepth()==226
The test tests/test208 didnt pass!
Differences found for test tests/test209:
3c3
< getProgDepth()==235
---
> getProgDepth()==231
The test tests/test209 didnt pass!
Differences found for test tests/test213:
3c3
< getProgDepth()==247
---
> getProgDepth()==246
The test tests/test213 didnt pass!
Differences found for test tests/test216:
3c3
< getProgDepth()==258
---
> getProgDepth()==242
The test tests/test216 didnt pass!
Differences found for test tests/test220:
3c3
< getProgDepth()==296
---
> getProgDepth()==295
The test tests/test220 didnt pass!
Differences found for test tests/test221:
3c3
< getProgDepth()==306
---
> getProgDepth()==292
The test tests/test221 didnt pass!
Differences found for test tests/test224:
3c3
< getProgDepth()==259
---
> getProgDepth()==252
The test tests/test224 didnt pass!
Differences found for test tests/test227:
3c3
< getProgDepth()==247
---
> getProgDepth()==240
The test tests/test227 didnt pass!
Differences found for test tests/test228:
3c3
< getProgDepth()==196
---
> getProgDepth()==195
The test tests/test228 didnt pass!
Differences found for test tests/test229:
3c3
< getProgDepth()==309
---
> getProgDepth()==303
The test tests/test229 didnt pass!
Differences found for test tests/test233:
3c3
< getProgDepth()==268
---
> getProgDepth()==262
The test tests/test233 didnt pass!
Differences found for test tests/test235:
3c3
< getProgDepth()==260
---
> getProgDepth()==248
The test tests/test235 didnt pass!
Differences found for test tests/test240:
3c3
< getProgDepth()==265
---
> getProgDepth()==260
The test tests/test240 didnt pass!
Differences found for test tests/test241:
3c3
< getProgDepth()==234
---
> getProgDepth()==232
The test tests/test241 didnt pass!
Differences found for test tests/test242:
3c3
< getProgDepth()==297
---
> getProgDepth()==287
The test tests/test242 didnt pass!
Differences found for test tests/test247:
3c3
< getProgDepth()==262
---
> getProgDepth()==256
The test tests/test247 didnt pass!
Differences found for test tests/test248:
3c3
< getProgDepth()==321
---
> getProgDepth()==319
The test tests/test248 didnt pass!
Differences found for test tests/test24:
3c3
< getProgDepth()==225
---
> getProgDepth()==222
The test tests/test24 didnt pass!
Differences found for test tests/test252:
3c3
< getProgDepth()==209
---
> getProgDepth()==207
The test tests/test252 didnt pass!
Differences found for test tests/test253:
3c3
< getProgDepth()==276
---
> getProgDepth()==264
The test tests/test253 didnt pass!
Differences found for test tests/test254:
3c3
< getProgDepth()==273
---
> getProgDepth()==272
The test tests/test254 didnt pass!
Differences found for test tests/test255:
3c3
< getProgDepth()==233
---
> getProgDepth()==229
The test tests/test255 didnt pass!
Differences found for test tests/test256:
3c3
< getProgDepth()==255
---
> getProgDepth()==241
The test tests/test256 didnt pass!
Differences found for test tests/test259:
3c3
< getProgDepth()==275
---
> getProgDepth()==272
The test tests/test259 didnt pass!
Differences found for test tests/test260:
3c3
< getProgDepth()==286
---
> getProgDepth()==278
The test tests/test260 didnt pass!
Differences found for test tests/test262:
3c3
< getProgDepth()==266
---
> getProgDepth()==263
The test tests/test262 didnt pass!
Differences found for test tests/test266:
3c3
< getProgDepth()==283
---
> getProgDepth()==276
The test tests/test266 didnt pass!
Differences found for test tests/test267:
3c3
< getProgDepth()==209
---
> getProgDepth()==194
The test tests/test267 didnt pass!
Differences found for test tests/test272:
3c3
< getProgDepth()==230
---
> getProgDepth()==222
The test tests/test272 didnt pass!
Differences found for test tests/test275:
3c3
< getProgDepth()==206
---
> getProgDepth()==204
The test tests/test275 didnt pass!
Differences found for test tests/test278:
3c3
< getProgDepth()==232
---
> getProgDepth()==217
The test tests/test278 didnt pass!
Differences found for test tests/test27:
3c3
< getProgDepth()==227
---
> getProgDepth()==215
The test tests/test27 didnt pass!
Differences found for test tests/test283:
3c3
< getProgDepth()==288
---
> getProgDepth()==286
The test tests/test283 didnt pass!
Differences found for test tests/test284:
3c3
< getProgDepth()==280
---
> getProgDepth()==269
The test tests/test284 didnt pass!
Differences found for test tests/test286:
3c3
< getProgDepth()==194
---
> getProgDepth()==187
The test tests/test286 didnt pass!
Differences found for test tests/test287:
3c3
< getProgDepth()==300
---
> getProgDepth()==291
The test tests/test287 didnt pass!
Differences found for test tests/test291:
3c3
< getProgDepth()==231
---
> getProgDepth()==227
The test tests/test291 didnt pass!
Differences found for test tests/test296:
3c3
< getProgDepth()==379
---
> getProgDepth()==378
The test tests/test296 didnt pass!
Differences found for test tests/test298:
3c3
< getProgDepth()==303
---
> getProgDepth()==301
The test tests/test298 didnt pass!
Differences found for test tests/test300:
3c3
< getProgDepth()==235
---
> getProgDepth()==223
The test tests/test300 didnt pass!
Differences found for test tests/test301:
3c3
< getProgDepth()==221
---
> getProgDepth()==209
The test tests/test301 didnt pass!
Differences found for test tests/test304:
3c3
< getProgDepth()==252
---
> getProgDepth()==241
The test tests/test304 didnt pass!
Differences found for test tests/test305:
3c3
< getProgDepth()==245
---
> getProgDepth()==241
The test tests/test305 didnt pass!
Differences found for test tests/test307:
3c3
< getProgDepth()==251
---
> getProgDepth()==245
The test tests/test307 didnt pass!
Differences found for test tests/test312:
3c3
< getProgDepth()==246
---
> getProgDepth()==241
The test tests/test312 didnt pass!
Differences found for test tests/test317:
3c3
< getProgDepth()==194
---
> getProgDepth()==191
The test tests/test317 didnt pass!
Differences found for test tests/test318:
3c3
< getProgDepth()==210
---
> getProgDepth()==202
The test tests/test318 didnt pass!
Differences found for test tests/test323:
3c3
< getProgDepth()==247
---
> getProgDepth()==246
The test tests/test323 didnt pass!
Differences found for test tests/test324:
3c3
< getProgDepth()==260
---
> getProgDepth()==242
The test tests/test324 didnt pass!
Differences found for test tests/test327:
3c3
< getProgDepth()==227
---
> getProgDepth()==221
The test tests/test327 didnt pass!
Differences found for test tests/test328:
3c3
< getProgDepth()==210
---
> getProgDepth()==200
The test tests/test328 didnt pass!
Differences found for test tests/test32:
3c3
< getProgDepth()==251
---
> getProgDepth()==248
The test tests/test32 didnt pass!
Differences found for test tests/test333:
3c3
< getProgDepth()==304
---
> getProgDepth()==301
The test tests/test333 didnt pass!
Differences found for test tests/test337:
3c3
< getProgDepth()==204
---
> getProgDepth()==193
The test tests/test337 didnt pass!
Differences found for test tests/test33:
3c3
< getProgDepth()==233
---
> getProgDepth()==227
The test tests/test33 didnt pass!
Differences found for test tests/test340:
3c3
< getProgDepth()==261
---
> getProgDepth()==258
The test tests/test340 didnt pass!
Differences found for test tests/test341:
3c3
< getProgDepth()==238
---
> getProgDepth()==218
The test tests/test341 didnt pass!
Differences found for test tests/test346:
3c3
< getProgDepth()==253
---
> getProgDepth()==246
The test tests/test346 didnt pass!
Differences found for test tests/test350:
3c3
< getProgDepth()==229
---
> getProgDepth()==221
The test tests/test350 didnt pass!
Differences found for test tests/test351:
3c3
< getProgDepth()==299
---
> getProgDepth()==291
The test tests/test351 didnt pass!
Differences found for test tests/test353:
3c3
< getProgDepth()==297
---
> getProgDepth()==287
The test tests/test353 didnt pass!
Differences found for test tests/test355:
3c3
< getProgDepth()==213
---
> getProgDepth()==193
The test tests/test355 didnt pass!
Differences found for test tests/test358:
3c3
< getProgDepth()==267
---
> getProgDepth()==266
The test tests/test358 didnt pass!
Differences found for test tests/test361:
3c3
< getProgDepth()==210
---
> getProgDepth()==193
The test tests/test361 didnt pass!
Differences found for test tests/test365:
3c3
< getProgDepth()==297
---
> getProgDepth()==276
The test tests/test365 didnt pass!
Differences found for test tests/test367:
3c3
< getProgDepth()==225
---
> getProgDepth()==219
The test tests/test367 didnt pass!
Differences found for test tests/test368:
3c3
< getProgDepth()==231
---
> getProgDepth()==228
The test tests/test368 didnt pass!
Differences found for test tests/test369:
3c3
< getProgDepth()==253
---
> getProgDepth()==241
The test tests/test369 didnt pass!
Differences found for test tests/test371:
3c3
< getProgDepth()==257
---
> getProgDepth()==256
The test tests/test371 didnt pass!
Differences found for test tests/test375:
3c3
< getProgDepth()==226
---
> getProgDepth()==211
The test tests/test375 didnt pass!
Differences found for test tests/test377:
3c3
< getProgDepth()==254
---
> getProgDepth()==246
The test tests/test377 didnt pass!
Differences found for test tests/test384:
3c3
< getProgDepth()==326
---
> getProgDepth()==320
The test tests/test384 didnt pass!
Differences found for test tests/test385:
3c3
< getProgDepth()==247
---
> getProgDepth()==235
The test tests/test385 didnt pass!
Differences found for test tests/test387:
3c3
< getProgDepth()==253
---
> getProgDepth()==244
The test tests/test387 didnt pass!
Differences found for test tests/test389:
3c3
< getProgDepth()==204
---
> getProgDepth()==195
The test tests/test389 didnt pass!
Differences found for test tests/test393:
3c3
< getProgDepth()==193
---
> getProgDepth()==189
The test tests/test393 didnt pass!
Differences found for test tests/test394:
3c3
< getProgDepth()==252
---
> getProgDepth()==236
The test tests/test394 didnt pass!
Differences found for test tests/test397:
3c3
< getProgDepth()==242
---
> getProgDepth()==239
The test tests/test397 didnt pass!
Differences found for test tests/test43:
3c3
< getProgDepth()==217
---
> getProgDepth()==200
The test tests/test43 didnt pass!
Differences found for test tests/test44:
3c3
< getProgDepth()==207
---
> getProgDepth()==187
The test tests/test44 didnt pass!
Differences found for test tests/test46:
3c3
< getProgDepth()==184
---
> getProgDepth()==170
The test tests/test46 didnt pass!
Differences found for test tests/test48:
3c3
< getProgDepth()==293
---
> getProgDepth()==275
The test tests/test48 didnt pass!
Differences found for test tests/test49:
3c3
< getProgDepth()==240
---
> getProgDepth()==239
The test tests/test49 didnt pass!
Differences found for test tests/test50:
3c3
< getProgDepth()==272
---
> getProgDepth()==269
The test tests/test50 didnt pass!
Differences found for test tests/test54:
3c3
< getProgDepth()==221
---
> getProgDepth()==213
The test tests/test54 didnt pass!
Differences found for test tests/test55:
3c3
< getProgDepth()==229
---
> getProgDepth()==223
The test tests/test55 didnt pass!
Differences found for test tests/test59:
3c3
< getProgDepth()==264
---
> getProgDepth()==251
The test tests/test59 didnt pass!
Differences found for test tests/test68:
3c3
< getProgDepth()==213
---
> getProgDepth()==204
The test tests/test68 didnt pass!
Differences found for test tests/test71:
3c3
< getProgDepth()==226
---
> getProgDepth()==217
The test tests/test71 didnt pass!
Differences found for test tests/test73:
3c3
< getProgDepth()==309
---
> getProgDepth()==299
The test tests/test73 didnt pass!
Differences found for test tests/test74:
3c3
< getProgDepth()==245
---
> getProgDepth()==239
The test tests/test74 didnt pass!
Differences found for test tests/test77:
3c3
< getProgDepth()==294
---
> getProgDepth()==292
The test tests/test77 didnt pass!
Differences found for test tests/test86:
3c3
< getProgDepth()==207
---
> getProgDepth()==200
The test tests/test86 didnt pass!
Differences found for test tests/test90:
3c3
< getProgDepth()==212
---
> getProgDepth()==194
The test tests/test90 didnt pass!
Differences found for test tests/test91:
3c3
< getProgDepth()==214
---
> getProgDepth()==210
The test tests/test91 didnt pass!
Differences found for test tests/test93:
3c3
< getProgDepth()==253
---
> getProgDepth()==239
The test tests/test93 didnt pass!
Differences found for test tests/test98:
3c3
< getProgDepth()==276
---
> getProgDepth()==267
The test tests/test98 didnt pass!

Ran all tests.
